// Jest Snapshot v1, https://goo.gl/fbAQLP

exports[`App tests renders without crashing 1`] = `
<div>
  <div
    class="container-fluid"
  >
    <div
      class="py-4 bg-danger justify-content-center row"
    >
      <div
        class="col-md-6"
      >
        <form
          class="d-flex"
        >
          <input
            class="form-control"
            placeholder="Insert text"
            value=""
          />
          <button
            class="ms-2 btn btn-primary"
            type="submit"
          >
            Send
          </button>
        </form>
      </div>
    </div>
    <div
      class="py-4 justify-content-center row"
    >
      <div
        class="col-md-6"
      >
        
        <h1>
          Results:
        </h1>
      </div>
    </div>
    <div
      class="mb-4 justify-content-center row"
    >
      <div
        class="col-md-6"
      >
        <div
          class="vstack gap-2"
        >
          <h4>
            No data. Send your first text!
          </h4>
        </div>
      </div>
    </div>
  </div>
</div>
`;
